05:39:53.048 1825444 POPRUN [I] V-IPU server address picked up from 'vipu': 10.1.3.101:8090
05:39:53.050 1825444 POPRUN [I] Using V-IPU partition p64 as it is the only one available
05:39:53.050 1825444 POPRUN [D] Connecting to 10.1.3.101:8090
05:39:53.052 1825444 POPRUN [D] Status for partition p64: OK (error 0)
05:39:53.052 1825444 POPRUN [I] Partition p64 already exists and is in state: PS_ACTIVE
05:39:53.053 1825444 POPRUN [D] The reconfigurable partition p64 is OK
 ===================
|  poprun topology  |
|===================|
| hosts     |  [0]  |
|-----------|-------|
| ILDs      |   0   |
|-----------|-------|
| instances | 0 | 1 |
|-----------|-------|
| replicas  | 0 | 1 |
 -------------------
[0]: localhost
05:39:53.055 1825444 POPRUN [D] Target options from environment: {}
05:39:53.055 1825444 POPRUN [D] Target options from V-IPU partition: {"ipuLinkDomainSize":"64","ipuLinkConfiguration":"slidingWindow","ipuLinkTopology":"mesh","gatewayMode":"true","instanceSize":"32"}
05:39:53.608 1825444 POPRUN [D] Found 32 devices with 2 IPUs
05:39:54.482 1825444 POPRUN [D] Attached to device 64
05:39:54.482 1825444 POPRUN [D] Found 2 children (expected 2) of device 64 with 1 IPUs each
05:39:54.482 1825444 POPRUN [I] Preparing parent device 64
05:39:54.482 1825444 POPRUN [D] Device 64 ipuLinkDomainSize=64, ipuLinkConfiguration=Default, ipuLinkTopology=Mesh, gatewayMode=true, instanceSize=1
05:39:56.825 1825444 POPRUN [D] Target options from Poplar device: {"ipuLinkDomainSize":"64","ipuLinkConfiguration":"default","ipuLinkTopology":"mesh","gatewayMode":"true","instanceSize":"1"}
05:39:56.825 1825444 POPRUN [D] Using target options: {"ipuLinkDomainSize":"64","ipuLinkConfiguration":"slidingWindow","ipuLinkTopology":"mesh","gatewayMode":"true","instanceSize":"32"}
05:39:56.854 1825444 POPRUN [D] Skipping port 1 of IB device uverbs0 because its state (1) doesn't seem active. Information in sysfs might be invalid or might not exist
05:39:56.860 1825444 POPRUN [D] Skipping port 1 of IB device uverbs1 because its state (1) doesn't seem active. Information in sysfs might be invalid or might not exist
05:39:56.874 1825444 POPRUN [D] No hosts specified; ignoring host-subnet setting
05:39:56.874 1825444 POPRUN [D] Default network/RNIC for host communication: None
05:39:56.874 1825444 POPRUN [I] Running command: /software/graphcore/poplar_sdk/3.1.0/poplar-ubuntu_20_04-3.1.0+6824-9c103dc348/bin/mpirun '--bind-to' 'none' '--tag-output' '--allow-run-as-root' '-np' '1' '-x' 'POPDIST_NUM_TOTAL_REPLICAS=2' '-x' 'POPDIST_NUM_IPUS_PER_REPLICA=1' '-x' 'POPDIST_NUM_LOCAL_REPLICAS=1' '-x' 'POPDIST_UNIFORM_REPLICAS_PER_INSTANCE=1' '-x' 'POPDIST_NODE_DEVICE_ID=64' '-x' 'POPDIST_EXECUTABLE_CACHE_PATH=/home/wilsonb/tmp' '-x' 'POPDIST_REPLICA_INDEX_OFFSET=0' '-x' 'POPDIST_LOCAL_INSTANCE_INDEX=0' '-x' 'IPUOF_VIPU_API_HOST=10.1.3.101' '-x' 'IPUOF_VIPU_API_PORT=8090' '-x' 'IPUOF_VIPU_API_PARTITION_ID=p64' '-x' 'IPUOF_VIPU_API_TIMEOUT=120' '-x' 'IPUOF_LOG_LEVEL=WARN' '-x' 'PATH' '-x' 'LD_LIBRARY_PATH' '-x' 'PYTHONPATH' '-x' 'POPLAR_TARGET_OPTIONS={"ipuLinkDomainSize":"64","ipuLinkConfiguration":"slidingWindow","ipuLinkTopology":"mesh","gatewayMode":"true","instanceSize":"32"}' 'poprun_numa_wrapper' 'python' 'bin/exec.py' '--config-name=a21' 'mode=train' 'run.id=bfloat16_2x10_2' 'run.distributed=False' 'data=real' 'data.data_directory=/mnt/localdata/datascience/cosmic_tagging/' 'framework=torch' 'run.compute_mode=IPU' 'run.precision=3' ':' '-np' '1' '-x' 'POPDIST_NUM_TOTAL_REPLICAS=2' '-x' 'POPDIST_NUM_IPUS_PER_REPLICA=1' '-x' 'POPDIST_NUM_LOCAL_REPLICAS=1' '-x' 'POPDIST_UNIFORM_REPLICAS_PER_INSTANCE=1' '-x' 'POPDIST_NODE_DEVICE_ID=64' '-x' 'POPDIST_EXECUTABLE_CACHE_PATH=/home/wilsonb/tmp' '-x' 'POPDIST_REPLICA_INDEX_OFFSET=1' '-x' 'POPDIST_LOCAL_INSTANCE_INDEX=1' '-x' 'IPUOF_VIPU_API_HOST=10.1.3.101' '-x' 'IPUOF_VIPU_API_PORT=8090' '-x' 'IPUOF_VIPU_API_PARTITION_ID=p64' '-x' 'IPUOF_VIPU_API_TIMEOUT=120' '-x' 'IPUOF_LOG_LEVEL=WARN' '-x' 'PATH' '-x' 'LD_LIBRARY_PATH' '-x' 'PYTHONPATH' '-x' 'POPLAR_TARGET_OPTIONS={"ipuLinkDomainSize":"64","ipuLinkConfiguration":"slidingWindow","ipuLinkTopology":"mesh","gatewayMode":"true","instanceSize":"32"}' 'poprun_numa_wrapper' 'python' 'bin/exec.py' '--config-name=a21' 'mode=train' 'run.id=bfloat16_2x10_2' 'run.distributed=False' 'data=real' 'data.data_directory=/mnt/localdata/datascience/cosmic_tagging/' 'framework=torch' 'run.compute_mode=IPU' 'run.precision=3'
05:39:56.884 1825444 POPRUN [I] Waiting for mpirun (PID 1825998)
[1,0]<stdout>:2023-02-15 05:39:57,924 - INFO - Dumping launch arguments.
[1,0]<stdout>:2023-02-15 05:39:57,924 - INFO - ['bin/exec.py', '--config-name=a21', 'mode=train', 'run.id=bfloat16_2x10_2', 'run.distributed=False', 'data=real', 'data.data_directory=/mnt/localdata/datascience/cosmic_tagging/', 'framework=torch', 'run.compute_mode=IPU', 'run.precision=3', 'hydra/job_logging=disabled']
[1,0]<stdout>:2023-02-15 05:39:57,924 - INFO - Running Training
[1,1]<stdout>:2023-02-15 05:39:57,925 - INFO - Dumping launch arguments.
[1,1]<stdout>:2023-02-15 05:39:57,925 - INFO - ['bin/exec.py', '--config-name=a21', 'mode=train', 'run.id=bfloat16_2x10_2', 'run.distributed=False', 'data=real', 'data.data_directory=/mnt/localdata/datascience/cosmic_tagging/', 'framework=torch', 'run.compute_mode=IPU', 'run.precision=3', 'hydra/job_logging=disabled']
[1,1]<stdout>:2023-02-15 05:39:57,925 - INFO - Running Training
[1,0]<stdout>:2023-02-15 05:39:57,931 - INFO - 
[1,0]<stdout>:
[1,0]<stdout>:-- CONFIG --
[1,0]<stdout>:data: 
[1,0]<stdout>:  aux_file....................: cosmic_tagging_val.h5
[1,0]<stdout>:  data_directory..............: /mnt/localdata/datascience/cosmic_tagging/
[1,0]<stdout>:  data_format.................: channels_first
[1,0]<stdout>:  downsample..................: 1
[1,0]<stdout>:  file........................: cosmic_tagging_train.h5
[1,0]<stdout>:  img_transform...............: False
[1,0]<stdout>:  synthetic...................: False
[1,0]<stdout>:framework: 
[1,0]<stdout>:  distributed_mode............: DDP
[1,0]<stdout>:  name........................: torch
[1,0]<stdout>:  sparse......................: False
[1,0]<stdout>:mode: 
[1,0]<stdout>:  checkpoint_iteration........: 500
[1,0]<stdout>:  logging_iteration...........: 1
[1,0]<stdout>:  name........................: train
[1,0]<stdout>:  no_summary_images...........: True
[1,0]<stdout>:  optimizer: 
[1,0]<stdout>:    gradient_accumulation.....: 1
[1,0]<stdout>:    learning_rate.............: 0.0003
[1,0]<stdout>:    loss_balance_scheme.......: focal
[1,0]<stdout>:    name......................: adam
[1,0]<stdout>:  quantization_aware..........: False
[1,0]<stdout>:  summary_iteration...........: 1
[1,0]<stdout>:  weights_location............: 
[1,0]<stdout>:network: 
[1,0]<stdout>:  bias........................: True
[1,0]<stdout>:  block_concat................: False
[1,0]<stdout>:  blocks_deepest_layer........: 5
[1,0]<stdout>:  blocks_final................: 5
[1,0]<stdout>:  blocks_per_layer............: 2
[1,0]<stdout>:  bottleneck_deepest..........: 256
[1,0]<stdout>:  connections.................: concat
[1,0]<stdout>:  conv_mode...................: conv_2D
[1,0]<stdout>:  data_format.................: channels_first
[1,0]<stdout>:  depth.......................: 6
[1,0]<stdout>:  downsampling................: max_pooling
[1,0]<stdout>:  filter_size_deepest.........: 5
[1,0]<stdout>:  growth_rate.................: additive
[1,0]<stdout>:  n_initial_filters...........: 8
[1,0]<stdout>:  name........................: A21
[1,0]<stdout>:  normalization...............: batch
[1,0]<stdout>:  residual....................: False
[1,0]<stdout>:  upsampling..................: interpolation
[1,0]<stdout>:  weight_decay................: 0.1
[1,0]<stdout>:output_dir....................: output/torch/A21/bfloat16_2x10_2/
[1,0]<stdout>:run: 
[1,0]<stdout>:  aux_iterations..............: 10
[1,0]<stdout>:  compute_mode................: IPU
[1,0]<stdout>:  distributed.................: False
[1,0]<stdout>:  id..........................: bfloat16_2x10_2
[1,0]<stdout>:  iterations..................: 500
[1,0]<stdout>:  minibatch_size..............: 2
[1,0]<stdout>:  precision...................: float16
[1,0]<stdout>:  profile.....................: False
[1,0]<stdout>:
[1,1]<stdout>:2023-02-15 05:39:57,932 - INFO - 
[1,1]<stdout>:
[1,1]<stdout>:-- CONFIG --
[1,1]<stdout>:data: 
[1,1]<stdout>:  aux_file....................: cosmic_tagging_val.h5
[1,1]<stdout>:  data_directory..............: /mnt/localdata/datascience/cosmic_tagging/
[1,1]<stdout>:  data_format.................: channels_first
[1,1]<stdout>:  downsample..................: 1
[1,1]<stdout>:  file........................: cosmic_tagging_train.h5
[1,1]<stdout>:  img_transform...............: False
[1,1]<stdout>:  synthetic...................: False
[1,1]<stdout>:framework: 
[1,1]<stdout>:  distributed_mode............: DDP
[1,1]<stdout>:  name........................: torch
[1,1]<stdout>:  sparse......................: False
[1,1]<stdout>:mode: 
[1,1]<stdout>:  checkpoint_iteration........: 500
[1,1]<stdout>:  logging_iteration...........: 1
[1,1]<stdout>:  name........................: train
[1,1]<stdout>:  no_summary_images...........: True
[1,1]<stdout>:  optimizer: 
[1,1]<stdout>:    gradient_accumulation.....: 1
[1,1]<stdout>:    learning_rate.............: 0.0003
[1,1]<stdout>:    loss_balance_scheme.......: focal
[1,1]<stdout>:    name......................: adam
[1,1]<stdout>:  quantization_aware..........: False
[1,1]<stdout>:  summary_iteration...........: 1
[1,1]<stdout>:  weights_location............: 
[1,1]<stdout>:network: 
[1,1]<stdout>:  bias........................: True
[1,1]<stdout>:  block_concat................: False
[1,1]<stdout>:  blocks_deepest_layer........: 5
[1,1]<stdout>:  blocks_final................: 5
[1,1]<stdout>:  blocks_per_layer............: 2
[1,1]<stdout>:  bottleneck_deepest..........: 256
[1,1]<stdout>:  connections.................: concat
[1,1]<stdout>:  conv_mode...................: conv_2D
[1,1]<stdout>:  data_format.................: channels_first
[1,1]<stdout>:  depth.......................: 6
[1,1]<stdout>:  downsampling................: max_pooling
[1,1]<stdout>:  filter_size_deepest.........: 5
[1,1]<stdout>:  growth_rate.................: additive
[1,1]<stdout>:  n_initial_filters...........: 8
[1,1]<stdout>:  name........................: A21
[1,1]<stdout>:  normalization...............: batch
[1,1]<stdout>:  residual....................: False
[1,1]<stdout>:  upsampling..................: interpolation
[1,1]<stdout>:  weight_decay................: 0.1
[1,1]<stdout>:output_dir....................: output/torch/A21/bfloat16_2x10_2/
[1,1]<stdout>:run: 
[1,1]<stdout>:  aux_iterations..............: 10
[1,1]<stdout>:  compute_mode................: IPU
[1,1]<stdout>:  distributed.................: False
[1,1]<stdout>:  id..........................: bfloat16_2x10_2
[1,1]<stdout>:  iterations..................: 500
[1,1]<stdout>:  minibatch_size..............: 2
[1,1]<stdout>:  precision...................: float16
[1,1]<stdout>:  profile.....................: False
[1,1]<stdout>:
[1,1]<stdout>:2023-02-15 05:40:00,545 - INFO - Larcv file prepared
[1,0]<stdout>:2023-02-15 05:40:00,555 - INFO - Larcv file prepared
[1,1]<stdout>:2023-02-15 05:40:00,645 - INFO - Larcv file prepared
[1,0]<stdout>:2023-02-15 05:40:00,654 - INFO - Larcv file prepared
[1,0]<stdout>:2023-02-15 05:40:00,776 - INFO - Total number of trainable parameters in this network: 8525699
[1,1]<stdout>:2023-02-15 05:40:00,792 - INFO - Total number of trainable parameters in this network: 8525699
[1,0]<stderr>:2023-02-15 05:40:00.797342: I tensorflow/core/platform/cpu_feature_guard.cc:193] This TensorFlow binary is optimized with oneAPI Deep Neural Network Library (oneDNN) to use the following CPU instructions in performance-critical operations:  AVX2 FMA
[1,0]<stderr>:To enable them in other operations, rebuild TensorFlow with the appropriate compiler flags.
[1,1]<stderr>:2023-02-15 05:40:00.807590: I tensorflow/core/platform/cpu_feature_guard.cc:193] This TensorFlow binary is optimized with oneAPI Deep Neural Network Library (oneDNN) to use the following CPU instructions in performance-critical operations:  AVX2 FMA
[1,1]<stderr>:To enable them in other operations, rebuild TensorFlow with the appropriate compiler flags.
[1,0]<stderr>:2023-02-15 05:40:00.964769: W tensorflow/compiler/xla/stream_executor/platform/default/dso_loader.cc:64] Could not load dynamic library 'libcudart.so.11.0'; dlerror: libcudart.so.11.0: cannot open shared object file: No such file or directory; LD_LIBRARY_PATH: /software/graphcore/poplar_sdk/3.1.0/poplar-ubuntu_20_04-3.1.0+6824-9c103dc348/lib:/software/graphcore/poplar_sdk/3.1.0/popart-ubuntu_20_04-3.1.0+6824-9c103dc348/lib:/software/graphcore/poplar_sdk/3.1.0/poplar-ubuntu_20_04-3.1.0+6824-9c103dc348/lib
[1,0]<stderr>:2023-02-15 05:40:00.964809: I tensorflow/compiler/xla/stream_executor/cuda/cudart_stub.cc:29] Ignore above cudart dlerror if you do not have a GPU set up on your machine.
[1,1]<stderr>:2023-02-15 05:40:00.972640: W tensorflow/compiler/xla/stream_executor/platform/default/dso_loader.cc:64] Could not load dynamic library 'libcudart.so.11.0'; dlerror: libcudart.so.11.0: cannot open shared object file: No such file or directory; LD_LIBRARY_PATH: /software/graphcore/poplar_sdk/3.1.0/poplar-ubuntu_20_04-3.1.0+6824-9c103dc348/lib:/software/graphcore/poplar_sdk/3.1.0/popart-ubuntu_20_04-3.1.0+6824-9c103dc348/lib:/software/graphcore/poplar_sdk/3.1.0/poplar-ubuntu_20_04-3.1.0+6824-9c103dc348/lib
[1,1]<stderr>:2023-02-15 05:40:00.972687: I tensorflow/compiler/xla/stream_executor/cuda/cudart_stub.cc:29] Ignore above cudart dlerror if you do not have a GPU set up on your machine.
[1,1]<stderr>:2023-02-15 05:40:03.050929: W tensorflow/compiler/xla/stream_executor/platform/default/dso_loader.cc:64] Could not load dynamic library 'libnvinfer.so.7'; dlerror: libnvinfer.so.7: cannot open shared object file: No such file or directory; LD_LIBRARY_PATH: /software/graphcore/poplar_sdk/3.1.0/poplar-ubuntu_20_04-3.1.0+6824-9c103dc348/lib:/software/graphcore/poplar_sdk/3.1.0/popart-ubuntu_20_04-3.1.0+6824-9c103dc348/lib:/software/graphcore/poplar_sdk/3.1.0/poplar-ubuntu_20_04-3.1.0+6824-9c103dc348/lib
[1,1]<stderr>:2023-02-15 05:40:03.051002: W tensorflow/compiler/xla/stream_executor/platform/default/dso_loader.cc:64] Could not load dynamic library 'libnvinfer_plugin.so.7'; dlerror: libnvinfer_plugin.so.7: cannot open shared object file: No such file or directory; LD_LIBRARY_PATH: /software/graphcore/poplar_sdk/3.1.0/poplar-ubuntu_20_04-3.1.0+6824-9c103dc348/lib:/software/graphcore/poplar_sdk/3.1.0/popart-ubuntu_20_04-3.1.0+6824-9c103dc348/lib:/software/graphcore/poplar_sdk/3.1.0/poplar-ubuntu_20_04-3.1.0+6824-9c103dc348/lib
[1,1]<stderr>:2023-02-15 05:40:03.051007: W tensorflow/compiler/tf2tensorrt/utils/py_utils.cc:38] TF-TRT Warning: Cannot dlopen some TensorRT libraries. If you would like to use Nvidia GPU with TensorRT, please make sure the missing libraries mentioned above are installed properly.
[1,0]<stderr>:2023-02-15 05:40:03.051505: W tensorflow/compiler/xla/stream_executor/platform/default/dso_loader.cc:64] Could not load dynamic library 'libnvinfer.so.7'; dlerror: libnvinfer.so.7: cannot open shared object file: No such file or directory; LD_LIBRARY_PATH: /software/graphcore/poplar_sdk/3.1.0/poplar-ubuntu_20_04-3.1.0+6824-9c103dc348/lib:/software/graphcore/poplar_sdk/3.1.0/popart-ubuntu_20_04-3.1.0+6824-9c103dc348/lib:/software/graphcore/poplar_sdk/3.1.0/poplar-ubuntu_20_04-3.1.0+6824-9c103dc348/lib
[1,0]<stderr>:2023-02-15 05:40:03.051580: W tensorflow/compiler/xla/stream_executor/platform/default/dso_loader.cc:64] Could not load dynamic library 'libnvinfer_plugin.so.7'; dlerror: libnvinfer_plugin.so.7: cannot open shared object file: No such file or directory; LD_LIBRARY_PATH: /software/graphcore/poplar_sdk/3.1.0/poplar-ubuntu_20_04-3.1.0+6824-9c103dc348/lib:/software/graphcore/poplar_sdk/3.1.0/popart-ubuntu_20_04-3.1.0+6824-9c103dc348/lib:/software/graphcore/poplar_sdk/3.1.0/poplar-ubuntu_20_04-3.1.0+6824-9c103dc348/lib
[1,0]<stderr>:2023-02-15 05:40:03.051585: W tensorflow/compiler/tf2tensorrt/utils/py_utils.cc:38] TF-TRT Warning: Cannot dlopen some TensorRT libraries. If you would like to use Nvidia GPU with TensorRT, please make sure the missing libraries mentioned above are installed properly.
[1,1]<stdout>:2023-02-15 05:40:06,713 - INFO - No checkpoint file found, restarting from scratch
[1,0]<stdout>:2023-02-15 05:40:06,718 - INFO - No checkpoint file found, restarting from scratch
[1,0]<stdout>:2023-02-15 05:40:20,712 - INFO - train Step 0 metrics: Average/Non_Bkg_Accuracy: 0.19, Average/mIoU: 0.00368, loss: 3.87 (0.02 IOs / 0.051 (Step)(s))
[1,1]<stdout>:2023-02-15 05:40:25,158 - INFO - train Step 0 metrics: Average/Non_Bkg_Accuracy: 0.193, Average/mIoU: 0.00125, loss: 3.7 (0.02 IOs / 0.059 (Step)(s))
[1,0]<stdout>:2023-02-15 05:40:33,923 - INFO - train Step 1 metrics: Average/Non_Bkg_Accuracy: 0.159, Average/mIoU: 0.00167, loss: 3.83 (0.15 Img/s / 0.02 IOs / 0.039 (Step)(s))
[1,1]<stdout>:2023-02-15 05:40:38,945 - INFO - train Step 1 metrics: Average/Non_Bkg_Accuracy: 0.185, Average/mIoU: 0.00291, loss: 3.91 (0.15 Img/s / 0.037 IOs / 0.046 (Step)(s))
[1,0]<stdout>:2023-02-15 05:40:46,998 - INFO - train Step 2 metrics: Average/Non_Bkg_Accuracy: 0.133, Average/mIoU: 0.00104, loss: 3.85 (0.15 Img/s / 0.013 IOs / 0.045 (Step)(s))
[1,1]<stdout>:2023-02-15 05:40:52,066 - INFO - train Step 2 metrics: Average/Non_Bkg_Accuracy: 0.204, Average/mIoU: 0.00317, loss: 3.83 (0.15 Img/s / 0.014 IOs / 0.047 (Step)(s))
[1,0]<stdout>:2023-02-15 05:40:59,748 - INFO - train Step 3 metrics: Average/Non_Bkg_Accuracy: 0.183, Average/mIoU: 0.0036, loss: 3.86 (0.16 Img/s / 0.016 IOs / 0.04 (Step)(s))
[1,1]<stdout>:2023-02-15 05:41:04,915 - INFO - train Step 3 metrics: Average/Non_Bkg_Accuracy: 0.152, Average/mIoU: 0.00178, loss: 3.86 (0.16 Img/s / 0.017 IOs / 0.038 (Step)(s))
[1,0]<stdout>:2023-02-15 05:41:12,583 - INFO - train Step 4 metrics: Average/Non_Bkg_Accuracy: 0.151, Average/mIoU: 0.00183, loss: 3.91 (0.16 Img/s / 0.013 IOs / 0.045 (Step)(s))
[1,1]<stdout>:2023-02-15 05:41:17,841 - INFO - train Step 4 metrics: Average/Non_Bkg_Accuracy: 0.127, Average/mIoU: 0.000968, loss: 3.81 (0.15 Img/s / 0.013 IOs / 0.04 (Step)(s))
[1,0]<stdout>:2023-02-15 05:41:25,212 - INFO - train Step 5 metrics: Average/Non_Bkg_Accuracy: 0.186, Average/mIoU: 0.00145, loss: 3.86 (0.16 Img/s / 0.015 IOs / 0.039 (Step)(s))
[1,1]<stdout>:2023-02-15 05:41:30,960 - INFO - train Step 5 metrics: Average/Non_Bkg_Accuracy: 0.158, Average/mIoU: 0.00303, loss: 3.94 (0.15 Img/s / 0.017 IOs / 0.044 (Step)(s))
[1,0]<stdout>:2023-02-15 05:41:38,167 - INFO - train Step 6 metrics: Average/Non_Bkg_Accuracy: 0.218, Average/mIoU: 0.00502, loss: 3.95 (0.15 Img/s / 0.014 IOs / 0.037 (Step)(s))
[1,1]<stdout>:2023-02-15 05:41:43,791 - INFO - train Step 6 metrics: Average/Non_Bkg_Accuracy: 0.179, Average/mIoU: 0.00206, loss: 3.82 (0.16 Img/s / 0.013 IOs / 0.038 (Step)(s))
[1,0]<stdout>:2023-02-15 05:41:50,868 - INFO - train Step 7 metrics: Average/Non_Bkg_Accuracy: 0.184, Average/mIoU: 0.00358, loss: 3.86 (0.16 Img/s / 0.016 IOs / 0.045 (Step)(s))
[1,1]<stdout>:2023-02-15 05:41:56,701 - INFO - train Step 7 metrics: Average/Non_Bkg_Accuracy: 0.176, Average/mIoU: 0.00146, loss: 3.81 (0.15 Img/s / 0.015 IOs / 0.041 (Step)(s))
[1,0]<stdout>:2023-02-15 05:42:03,634 - INFO - train Step 8 metrics: Average/Non_Bkg_Accuracy: 0.151, Average/mIoU: 0.000886, loss: 3.77 (0.16 Img/s / 0.013 IOs / 0.04 (Step)(s))
[1,1]<stdout>:2023-02-15 05:42:09,515 - INFO - train Step 8 metrics: Average/Non_Bkg_Accuracy: 0.186, Average/mIoU: 0.00145, loss: 3.76 (0.16 Img/s / 0.015 IOs / 0.04 (Step)(s))
[1,0]<stdout>:2023-02-15 05:42:16,486 - INFO - train Step 9 metrics: Average/Non_Bkg_Accuracy: 0.194, Average/mIoU: 0.00447, loss: 3.97 (0.16 Img/s / 0.014 IOs / 0.037 (Step)(s))
[1,0]<stdout>:2023-02-15 05:42:21,146 - INFO - test Step 10 metrics: Average/Non_Bkg_Accuracy: 0.157, Average/mIoU: 0.00357, loss: 3.58 (0.43 Img/s)
[1,1]<stdout>:2023-02-15 05:42:22,363 - INFO - train Step 9 metrics: Average/Non_Bkg_Accuracy: 0.175, Average/mIoU: 0.00279, loss: 3.9 (0.16 Img/s / 0.014 IOs / 0.045 (Step)(s))
[1,1]<stdout>:2023-02-15 05:42:27,144 - INFO - test Step 10 metrics: Average/Non_Bkg_Accuracy: 0.159, Average/mIoU: 0.00293, loss: 3.84 (0.42 Img/s)
[1,0]<stdout>:2023-02-15 05:42:34,122 - INFO - train Step 10 metrics: Average/Non_Bkg_Accuracy: 0.163, Average/mIoU: 0.00204, loss: 3.86 (0.15 Img/s / 0.015 IOs / 0.043 (Step)(s))
[1,1]<stdout>:2023-02-15 05:42:40,101 - INFO - train Step 10 metrics: Average/Non_Bkg_Accuracy: 0.164, Average/mIoU: 0.00129, loss: 3.82 (0.15 Img/s / 0.014 IOs / 0.038 (Step)(s))
[1,0]<stdout>:2023-02-15 05:42:46,592 - INFO - train Step 11 metrics: Average/Non_Bkg_Accuracy: 0.148, Average/mIoU: 0.00204, loss: 3.71 (0.16 Img/s / 0.015 IOs / 0.039 (Step)(s))
[1,1]<stdout>:2023-02-15 05:42:52,956 - INFO - train Step 11 metrics: Average/Non_Bkg_Accuracy: 0.201, Average/mIoU: 0.00325, loss: 3.84 (0.16 Img/s / 0.014 IOs / 0.038 (Step)(s))
[1,0]<stdout>:2023-02-15 05:42:59,274 - INFO - train Step 12 metrics: Average/Non_Bkg_Accuracy: 0.203, Average/mIoU: 0.00311, loss: 3.95 (0.16 Img/s / 0.014 IOs / 0.037 (Step)(s))
[1,1]<stdout>:2023-02-15 05:43:05,805 - INFO - train Step 12 metrics: Average/Non_Bkg_Accuracy: 0.136, Average/mIoU: 0.00101, loss: 3.84 (0.16 Img/s / 0.013 IOs / 0.04 (Step)(s))
[1,0]<stdout>:2023-02-15 05:43:12,022 - INFO - train Step 13 metrics: Average/Non_Bkg_Accuracy: 0.132, Average/mIoU: 0.00105, loss: 3.93 (0.16 Img/s / 0.014 IOs / 0.041 (Step)(s))
[1,1]<stdout>:2023-02-15 05:43:18,802 - INFO - train Step 13 metrics: Average/Non_Bkg_Accuracy: 0.121, Average/mIoU: 0.001, loss: 3.88 (0.15 Img/s / 0.016 IOs / 0.044 (Step)(s))
[1,0]<stdout>:2023-02-15 05:43:24,658 - INFO - train Step 14 metrics: Average/Non_Bkg_Accuracy: 0.141, Average/mIoU: 0.000921, loss: 3.8 (0.16 Img/s / 0.015 IOs / 0.043 (Step)(s))
[1,1]<stdout>:2023-02-15 05:43:31,796 - INFO - train Step 14 metrics: Average/Non_Bkg_Accuracy: 0.189, Average/mIoU: 0.00261, loss: 3.88 (0.15 Img/s / 0.013 IOs / 0.039 (Step)(s))
[1,0]<stdout>:2023-02-15 05:43:37,499 - INFO - train Step 15 metrics: Average/Non_Bkg_Accuracy: 0.351, Average/mIoU: 0.00658, loss: 3.74 (0.16 Img/s / 0.015 IOs / 0.038 (Step)(s))
[1,1]<stdout>:2023-02-15 05:43:44,891 - INFO - train Step 15 metrics: Average/Non_Bkg_Accuracy: 0.186, Average/mIoU: 0.00358, loss: 3.91 (0.15 Img/s / 0.014 IOs / 0.04 (Step)(s))
[1,0]<stdout>:2023-02-15 05:43:50,320 - INFO - train Step 16 metrics: Average/Non_Bkg_Accuracy: 0.214, Average/mIoU: 0.00254, loss: 3.79 (0.16 Img/s / 0.013 IOs / 0.04 (Step)(s))
[1,1]<stdout>:2023-02-15 05:43:57,737 - INFO - train Step 16 metrics: Average/Non_Bkg_Accuracy: 0.188, Average/mIoU: 0.00257, loss: 3.74 (0.16 Img/s / 0.016 IOs / 0.045 (Step)(s))
[1,0]<stdout>:2023-02-15 05:44:03,112 - INFO - train Step 17 metrics: Average/Non_Bkg_Accuracy: 0.196, Average/mIoU: 0.00411, loss: 3.84 (0.16 Img/s / 0.014 IOs / 0.04 (Step)(s))
[1,1]<stdout>:2023-02-15 05:44:10,703 - INFO - train Step 17 metrics: Average/Non_Bkg_Accuracy: 0.161, Average/mIoU: 0.000786, loss: 3.7 (0.15 Img/s / 0.014 IOs / 0.038 (Step)(s))
[1,0]<stdout>:2023-02-15 05:44:15,747 - INFO - train Step 18 metrics: Average/Non_Bkg_Accuracy: 0.163, Average/mIoU: 0.00242, loss: 3.87 (0.16 Img/s / 0.014 IOs / 0.039 (Step)(s))
[1,1]<stdout>:2023-02-15 05:44:23,545 - INFO - train Step 18 metrics: Average/Non_Bkg_Accuracy: 0.163, Average/mIoU: 0.00184, loss: 3.88 (0.16 Img/s / 0.013 IOs / 0.038 (Step)(s))
[1,0]<stdout>:2023-02-15 05:44:28,580 - INFO - train Step 19 metrics: Average/Non_Bkg_Accuracy: 0.269, Average/mIoU: 0.00229, loss: 3.72 (0.16 Img/s / 0.015 IOs / 0.042 (Step)(s))
[1,0]<stdout>:2023-02-15 05:44:33,206 - INFO - test Step 20 metrics: Average/Non_Bkg_Accuracy: 0.148, Average/mIoU: 0.00145, loss: 3.9 (0.43 Img/s)
[1,1]<stdout>:2023-02-15 05:44:36,389 - INFO - train Step 19 metrics: Average/Non_Bkg_Accuracy: 0.122, Average/mIoU: 0.000702, loss: 3.82 (0.16 Img/s / 0.013 IOs / 0.038 (Step)(s))
[1,1]<stdout>:2023-02-15 05:44:41,108 - INFO - test Step 20 metrics: Average/Non_Bkg_Accuracy: 0.145, Average/mIoU: 0.000848, loss: 3.95 (0.42 Img/s)
[1,0]<stdout>:2023-02-15 05:44:45,990 - INFO - train Step 20 metrics: Average/Non_Bkg_Accuracy: 0.186, Average/mIoU: 0.00254, loss: 3.86 (0.16 Img/s / 0.014 IOs / 0.039 (Step)(s))
[1,1]<stdout>:2023-02-15 05:44:54,246 - INFO - train Step 20 metrics: Average/Non_Bkg_Accuracy: 0.232, Average/mIoU: 0.00387, loss: 3.74 (0.15 Img/s / 0.019 IOs / 0.044 (Step)(s))
[1,0]<stdout>:2023-02-15 05:44:58,678 - INFO - train Step 21 metrics: Average/Non_Bkg_Accuracy: 0.187, Average/mIoU: 0.00204, loss: 3.81 (0.16 Img/s / 0.013 IOs / 0.037 (Step)(s))
[1,1]<stdout>:2023-02-15 05:45:07,133 - INFO - train Step 21 metrics: Average/Non_Bkg_Accuracy: 0.133, Average/mIoU: 0.00113, loss: 3.88 (0.16 Img/s / 0.013 IOs / 0.04 (Step)(s))
[1,0]<stdout>:2023-02-15 05:45:11,476 - INFO - train Step 22 metrics: Average/Non_Bkg_Accuracy: 0.145, Average/mIoU: 0.00137, loss: 3.76 (0.16 Img/s / 0.014 IOs / 0.039 (Step)(s))
[1,1]<stdout>:2023-02-15 05:45:20,250 - INFO - train Step 22 metrics: Average/Non_Bkg_Accuracy: 0.162, Average/mIoU: 0.0016, loss: 3.79 (0.15 Img/s / 0.013 IOs / 0.038 (Step)(s))
[1,0]<stdout>:2023-02-15 05:45:24,138 - INFO - train Step 23 metrics: Average/Non_Bkg_Accuracy: 0.171, Average/mIoU: 0.00197, loss: 3.79 (0.16 Img/s / 0.016 IOs / 0.042 (Step)(s))
[1,1]<stdout>:2023-02-15 05:45:33,100 - INFO - train Step 23 metrics: Average/Non_Bkg_Accuracy: 0.287, Average/mIoU: 0.00252, loss: 3.72 (0.16 Img/s / 0.013 IOs / 0.038 (Step)(s))
[1,0]<stdout>:2023-02-15 05:45:36,761 - INFO - train Step 24 metrics: Average/Non_Bkg_Accuracy: 0.165, Average/mIoU: 0.000671, loss: 3.72 (0.16 Img/s / 0.013 IOs / 0.039 (Step)(s))
[1,1]<stdout>:2023-02-15 05:45:46,024 - INFO - train Step 24 metrics: Average/Non_Bkg_Accuracy: 0.194, Average/mIoU: 0.00365, loss: 3.81 (0.15 Img/s / 0.018 IOs / 0.04 (Step)(s))
[1,0]<stdout>:2023-02-15 05:45:49,495 - INFO - train Step 25 metrics: Average/Non_Bkg_Accuracy: 0.135, Average/mIoU: 0.000764, loss: 3.8 (0.16 Img/s / 0.013 IOs / 0.037 (Step)(s))
[1,1]<stdout>:2023-02-15 05:45:58,807 - INFO - train Step 25 metrics: Average/Non_Bkg_Accuracy: 0.19, Average/mIoU: 0.00323, loss: 3.7 (0.16 Img/s / 0.016 IOs / 0.043 (Step)(s))
[1,0]<stdout>:2023-02-15 05:46:02,338 - INFO - train Step 26 metrics: Average/Non_Bkg_Accuracy: 0.174, Average/mIoU: 0.00158, loss: 3.77 (0.16 Img/s / 0.013 IOs / 0.037 (Step)(s))
[1,1]<stdout>:2023-02-15 05:46:11,940 - INFO - train Step 26 metrics: Average/Non_Bkg_Accuracy: 0.211, Average/mIoU: 0.00242, loss: 3.79 (0.15 Img/s / 0.013 IOs / 0.04 (Step)(s))
[1,0]<stdout>:2023-02-15 05:46:14,935 - INFO - train Step 27 metrics: Average/Non_Bkg_Accuracy: 0.29, Average/mIoU: 0.00667, loss: 3.71 (0.16 Img/s / 0.014 IOs / 0.037 (Step)(s))
[1,1]<stdout>:2023-02-15 05:46:24,829 - INFO - train Step 27 metrics: Average/Non_Bkg_Accuracy: 0.153, Average/mIoU: 0.000626, loss: 3.68 (0.16 Img/s / 0.013 IOs / 0.038 (Step)(s))
[1,0]<stdout>:2023-02-15 05:46:27,598 - INFO - train Step 28 metrics: Average/Non_Bkg_Accuracy: 0.193, Average/mIoU: 0.00145, loss: 3.63 (0.16 Img/s / 0.015 IOs / 0.045 (Step)(s))
[1,1]<stdout>:2023-02-15 05:46:37,652 - INFO - train Step 28 metrics: Average/Non_Bkg_Accuracy: 0.242, Average/mIoU: 0.0025, loss: 3.77 (0.16 Img/s / 0.012 IOs / 0.038 (Step)(s))
[1,0]<stdout>:2023-02-15 05:46:40,237 - INFO - train Step 29 metrics: Average/Non_Bkg_Accuracy: 0.179, Average/mIoU: 0.00242, loss: 3.78 (0.16 Img/s / 0.014 IOs / 0.039 (Step)(s))
[1,0]<stdout>:2023-02-15 05:46:44,999 - INFO - test Step 30 metrics: Average/Non_Bkg_Accuracy: 0.126, Average/mIoU: 0.00101, loss: 3.66 (0.42 Img/s)
[1,1]<stdout>:2023-02-15 05:46:50,500 - INFO - train Step 29 metrics: Average/Non_Bkg_Accuracy: 0.19, Average/mIoU: 0.00212, loss: 3.77 (0.16 Img/s / 0.013 IOs / 0.04 (Step)(s))
[1,1]<stdout>:2023-02-15 05:46:55,196 - INFO - test Step 30 metrics: Average/Non_Bkg_Accuracy: 0.162, Average/mIoU: 0.00249, loss: 4.09 (0.43 Img/s)
[1,0]<stdout>:2023-02-15 05:46:57,890 - INFO - train Step 30 metrics: Average/Non_Bkg_Accuracy: 0.188, Average/mIoU: 0.00378, loss: 3.87 (0.16 Img/s / 0.014 IOs / 0.037 (Step)(s))
[1,1]<stdout>:2023-02-15 05:47:08,185 - INFO - train Step 30 metrics: Average/Non_Bkg_Accuracy: 0.191, Average/mIoU: 0.00281, loss: 3.77 (0.15 Img/s / 0.021 IOs / 0.044 (Step)(s))
[1,0]<stdout>:2023-02-15 05:47:10,462 - INFO - train Step 31 metrics: Average/Non_Bkg_Accuracy: 0.167, Average/mIoU: 0.00193, loss: 3.82 (0.16 Img/s / 0.013 IOs / 0.038 (Step)(s))
[1,1]<stdout>:2023-02-15 05:47:21,093 - INFO - train Step 31 metrics: Average/Non_Bkg_Accuracy: 0.218, Average/mIoU: 0.00375, loss: 3.74 (0.15 Img/s / 0.014 IOs / 0.038 (Step)(s))
[1,0]<stdout>:2023-02-15 05:47:23,391 - INFO - train Step 32 metrics: Average/Non_Bkg_Accuracy: 0.144, Average/mIoU: 0.00141, loss: 3.79 (0.15 Img/s / 0.013 IOs / 0.039 (Step)(s))
[1,1]<stdout>:2023-02-15 05:47:34,164 - INFO - train Step 32 metrics: Average/Non_Bkg_Accuracy: 0.16, Average/mIoU: 0.00178, loss: 3.85 (0.15 Img/s / 0.014 IOs / 0.038 (Step)(s))
[1,0]<stdout>:2023-02-15 05:47:36,060 - INFO - train Step 33 metrics: Average/Non_Bkg_Accuracy: 0.126, Average/mIoU: 0.00151, loss: 3.81 (0.16 Img/s / 0.017 IOs / 0.042 (Step)(s))
[1,1]<stdout>:2023-02-15 05:47:47,046 - INFO - train Step 33 metrics: Average/Non_Bkg_Accuracy: 0.212, Average/mIoU: 0.00396, loss: 3.83 (0.16 Img/s / 0.013 IOs / 0.039 (Step)(s))
[1,0]<stdout>:2023-02-15 05:47:48,704 - INFO - train Step 34 metrics: Average/Non_Bkg_Accuracy: 0.189, Average/mIoU: 0.0026, loss: 3.78 (0.16 Img/s / 0.014 IOs / 0.039 (Step)(s))
[1,1]<stdout>:2023-02-15 05:47:59,952 - INFO - train Step 34 metrics: Average/Non_Bkg_Accuracy: 0.306, Average/mIoU: 0.0044, loss: 3.64 (0.15 Img/s / 0.016 IOs / 0.043 (Step)(s))
[1,0]<stdout>:2023-02-15 05:48:01,432 - INFO - train Step 35 metrics: Average/Non_Bkg_Accuracy: 0.179, Average/mIoU: 0.00231, loss: 3.78 (0.16 Img/s / 0.013 IOs / 0.037 (Step)(s))
[1,1]<stdout>:2023-02-15 05:48:12,924 - INFO - train Step 35 metrics: Average/Non_Bkg_Accuracy: 0.167, Average/mIoU: 0.0028, loss: 3.9 (0.15 Img/s / 0.014 IOs / 0.04 (Step)(s))
[1,0]<stdout>:2023-02-15 05:48:14,292 - INFO - train Step 36 metrics: Average/Non_Bkg_Accuracy: 0.252, Average/mIoU: 0.0019, loss: 3.7 (0.16 Img/s / 0.013 IOs / 0.037 (Step)(s))
[1,1]<stdout>:2023-02-15 05:48:25,938 - INFO - train Step 36 metrics: Average/Non_Bkg_Accuracy: 0.202, Average/mIoU: 0.00382, loss: 3.82 (0.15 Img/s / 0.014 IOs / 0.038 (Step)(s))
[1,0]<stdout>:2023-02-15 05:48:26,973 - INFO - train Step 37 metrics: Average/Non_Bkg_Accuracy: 0.117, Average/mIoU: 0.000934, loss: 3.85 (0.16 Img/s / 0.013 IOs / 0.038 (Step)(s))
[1,1]<stdout>:2023-02-15 05:48:38,815 - INFO - train Step 37 metrics: Average/Non_Bkg_Accuracy: 0.196, Average/mIoU: 0.00358, loss: 3.88 (0.16 Img/s / 0.014 IOs / 0.038 (Step)(s))
[1,0]<stdout>:2023-02-15 05:48:39,804 - INFO - train Step 38 metrics: Average/Non_Bkg_Accuracy: 0.135, Average/mIoU: 0.00101, loss: 3.81 (0.16 Img/s / 0.016 IOs / 0.043 (Step)(s))
[1,1]<stdout>:2023-02-15 05:48:51,797 - INFO - train Step 38 metrics: Average/Non_Bkg_Accuracy: 0.149, Average/mIoU: 0.0011, loss: 3.86 (0.15 Img/s / 0.013 IOs / 0.04 (Step)(s))
[1,0]<stdout>:2023-02-15 05:48:52,710 - INFO - train Step 39 metrics: Average/Non_Bkg_Accuracy: 0.167, Average/mIoU: 0.00203, loss: 3.74 (0.15 Img/s / 0.014 IOs / 0.04 (Step)(s))
[1,0]<stdout>:2023-02-15 05:48:57,383 - INFO - test Step 40 metrics: Average/Non_Bkg_Accuracy: 0.229, Average/mIoU: 0.00329, loss: 3.56 (0.43 Img/s)
[1,1]<stdout>:2023-02-15 05:49:04,639 - INFO - train Step 39 metrics: Average/Non_Bkg_Accuracy: 0.202, Average/mIoU: 0.00197, loss: 3.73 (0.16 Img/s / 0.015 IOs / 0.043 (Step)(s))
[1,1]<stdout>:2023-02-15 05:49:09,330 - INFO - test Step 40 metrics: Average/Non_Bkg_Accuracy: 0.184, Average/mIoU: 0.00187, loss: 3.62 (0.43 Img/s)
[1,0]<stdout>:2023-02-15 05:49:10,174 - INFO - train Step 40 metrics: Average/Non_Bkg_Accuracy: 0.152, Average/mIoU: 0.0018, loss: 3.89 (0.16 Img/s / 0.014 IOs / 0.038 (Step)(s))
[1,1]<stdout>:2023-02-15 05:49:22,495 - INFO - train Step 40 metrics: Average/Non_Bkg_Accuracy: 0.26, Average/mIoU: 0.00368, loss: 3.78 (0.15 Img/s / 0.017 IOs / 0.04 (Step)(s))
[1,0]<stdout>:2023-02-15 05:49:22,812 - INFO - train Step 41 metrics: Average/Non_Bkg_Accuracy: 0.139, Average/mIoU: 0.00128, loss: 3.82 (0.16 Img/s / 0.013 IOs / 0.04 (Step)(s))
[1,1]<stdout>:2023-02-15 05:49:35,471 - INFO - train Step 41 metrics: Average/Non_Bkg_Accuracy: 0.16, Average/mIoU: 0.00215, loss: 3.86 (0.15 Img/s / 0.013 IOs / 0.038 (Step)(s))
[1,0]<stdout>:2023-02-15 05:49:35,519 - INFO - train Step 42 metrics: Average/Non_Bkg_Accuracy: 0.176, Average/mIoU: 0.00137, loss: 3.73 (0.16 Img/s / 0.013 IOs / 0.037 (Step)(s))
[1,0]<stdout>:2023-02-15 05:49:48,329 - INFO - train Step 43 metrics: Average/Non_Bkg_Accuracy: 0.194, Average/mIoU: 0.0039, loss: 3.91 (0.16 Img/s / 0.016 IOs / 0.043 (Step)(s))
[1,1]<stdout>:2023-02-15 05:49:48,389 - INFO - train Step 42 metrics: Average/Non_Bkg_Accuracy: 0.167, Average/mIoU: 0.0017, loss: 3.81 (0.15 Img/s / 0.013 IOs / 0.04 (Step)(s))
[1,0]<stdout>:2023-02-15 05:50:01,216 - INFO - train Step 44 metrics: Average/Non_Bkg_Accuracy: 0.198, Average/mIoU: 0.00215, loss: 3.74 (0.16 Img/s / 0.014 IOs / 0.04 (Step)(s))
[1,1]<stdout>:2023-02-15 05:50:01,380 - INFO - train Step 43 metrics: Average/Non_Bkg_Accuracy: 0.132, Average/mIoU: 0.00165, loss: 3.82 (0.15 Img/s / 0.017 IOs / 0.046 (Step)(s))
[1,0]<stdout>:2023-02-15 05:50:14,104 - INFO - train Step 45 metrics: Average/Non_Bkg_Accuracy: 0.171, Average/mIoU: 0.00196, loss: 3.72 (0.16 Img/s / 0.013 IOs / 0.037 (Step)(s))
[1,1]<stdout>:2023-02-15 05:50:14,481 - INFO - train Step 44 metrics: Average/Non_Bkg_Accuracy: 0.207, Average/mIoU: 0.00423, loss: 3.75 (0.15 Img/s / 0.014 IOs / 0.039 (Step)(s))
[1,0]<stdout>:2023-02-15 05:50:26,838 - INFO - train Step 46 metrics: Average/Non_Bkg_Accuracy: 0.172, Average/mIoU: 0.00209, loss: 3.8 (0.16 Img/s / 0.016 IOs / 0.043 (Step)(s))
[1,1]<stdout>:2023-02-15 05:50:27,395 - INFO - train Step 45 metrics: Average/Non_Bkg_Accuracy: 0.162, Average/mIoU: 0.00186, loss: 3.79 (0.15 Img/s / 0.014 IOs / 0.038 (Step)(s))
[1,0]<stdout>:2023-02-15 05:50:39,560 - INFO - train Step 47 metrics: Average/Non_Bkg_Accuracy: 0.131, Average/mIoU: 0.00138, loss: 3.91 (0.16 Img/s / 0.017 IOs / 0.038 (Step)(s))
[1,1]<stdout>:2023-02-15 05:50:40,517 - INFO - train Step 46 metrics: Average/Non_Bkg_Accuracy: 0.257, Average/mIoU: 0.00465, loss: 3.71 (0.15 Img/s / 0.014 IOs / 0.038 (Step)(s))
[1,0]<stdout>:2023-02-15 05:50:52,244 - INFO - train Step 48 metrics: Average/Non_Bkg_Accuracy: 0.118, Average/mIoU: 0.000964, loss: 3.69 (0.16 Img/s / 0.013 IOs / 0.04 (Step)(s))
[1,1]<stdout>:2023-02-15 05:50:53,346 - INFO - train Step 47 metrics: Average/Non_Bkg_Accuracy: 0.226, Average/mIoU: 0.00472, loss: 3.77 (0.16 Img/s / 0.014 IOs / 0.04 (Step)(s))
[1,0]<stdout>:2023-02-15 05:51:05,085 - INFO - train Step 49 metrics: Average/Non_Bkg_Accuracy: 0.168, Average/mIoU: 0.0022, loss: 3.84 (0.16 Img/s / 0.013 IOs / 0.038 (Step)(s))
[1,1]<stdout>:2023-02-15 05:51:06,427 - INFO - train Step 48 metrics: Average/Non_Bkg_Accuracy: 0.176, Average/mIoU: 0.00116, loss: 3.64 (0.15 Img/s / 0.015 IOs / 0.046 (Step)(s))
[1,0]<stdout>:2023-02-15 05:51:09,766 - INFO - test Step 50 metrics: Average/Non_Bkg_Accuracy: 0.168, Average/mIoU: 0.00226, loss: 3.7 (0.43 Img/s)
[1,1]<stdout>:2023-02-15 05:51:19,331 - INFO - train Step 49 metrics: Average/Non_Bkg_Accuracy: 0.233, Average/mIoU: 0.00207, loss: 3.73 (0.15 Img/s / 0.013 IOs / 0.04 (Step)(s))
[1,0]<stdout>:2023-02-15 05:51:22,553 - INFO - train Step 50 metrics: Average/Non_Bkg_Accuracy: 0.168, Average/mIoU: 0.00263, loss: 3.76 (0.16 Img/s / 0.019 IOs / 0.045 (Step)(s))
[1,1]<stdout>:2023-02-15 05:51:24,035 - INFO - test Step 50 metrics: Average/Non_Bkg_Accuracy: 0.211, Average/mIoU: 0.00175, loss: 3.43 (0.43 Img/s)
[1,0]<stdout>:2023-02-15 05:51:35,412 - INFO - train Step 51 metrics: Average/Non_Bkg_Accuracy: 0.122, Average/mIoU: 0.000987, loss: 3.82 (0.16 Img/s / 0.013 IOs / 0.037 (Step)(s))
[1,1]<stdout>:2023-02-15 05:51:37,275 - INFO - train Step 50 metrics: Average/Non_Bkg_Accuracy: 0.101, Average/mIoU: 0.000604, loss: 3.85 (0.15 Img/s / 0.013 IOs / 0.038 (Step)(s))
[1,0]<stdout>:2023-02-15 05:51:48,242 - INFO - train Step 52 metrics: Average/Non_Bkg_Accuracy: 0.125, Average/mIoU: 0.00057, loss: 3.75 (0.16 Img/s / 0.013 IOs / 0.04 (Step)(s))
[1,1]<stdout>:2023-02-15 05:51:50,372 - INFO - train Step 51 metrics: Average/Non_Bkg_Accuracy: 0.237, Average/mIoU: 0.00293, loss: 3.76 (0.15 Img/s / 0.013 IOs / 0.043 (Step)(s))
[1,0]<stdout>:2023-02-15 05:52:00,911 - INFO - train Step 53 metrics: Average/Non_Bkg_Accuracy: 0.248, Average/mIoU: 0.00184, loss: 3.72 (0.16 Img/s / 0.014 IOs / 0.037 (Step)(s))
[1,1]<stdout>:2023-02-15 05:52:03,425 - INFO - train Step 52 metrics: Average/Non_Bkg_Accuracy: 0.128, Average/mIoU: 0.00119, loss: 3.83 (0.15 Img/s / 0.017 IOs / 0.041 (Step)(s))
[1,0]<stdout>:2023-02-15 05:52:13,640 - INFO - train Step 54 metrics: Average/Non_Bkg_Accuracy: 0.132, Average/mIoU: 0.00107, loss: 3.91 (0.16 Img/s / 0.014 IOs / 0.037 (Step)(s))
[1,1]<stdout>:2023-02-15 05:52:16,506 - INFO - train Step 53 metrics: Average/Non_Bkg_Accuracy: 0.179, Average/mIoU: 0.00297, loss: 3.79 (0.15 Img/s / 0.04 IOs / 0.038 (Step)(s))
[1,0]<stdout>:2023-02-15 05:52:26,635 - INFO - train Step 55 metrics: Average/Non_Bkg_Accuracy: 0.187, Average/mIoU: 0.00244, loss: 3.78 (0.15 Img/s / 0.015 IOs / 0.043 (Step)(s))
[1,1]<stdout>:2023-02-15 05:52:29,366 - INFO - train Step 54 metrics: Average/Non_Bkg_Accuracy: 0.226, Average/mIoU: 0.00325, loss: 3.85 (0.16 Img/s / 0.014 IOs / 0.041 (Step)(s))
[1,0]<stdout>:2023-02-15 05:52:39,283 - INFO - train Step 56 metrics: Average/Non_Bkg_Accuracy: 0.176, Average/mIoU: 0.0023, loss: 3.9 (0.16 Img/s / 0.014 IOs / 0.04 (Step)(s))
[1,1]<stdout>:2023-02-15 05:52:42,231 - INFO - train Step 55 metrics: Average/Non_Bkg_Accuracy: 0.136, Average/mIoU: 0.000893, loss: 3.71 (0.16 Img/s / 0.015 IOs / 0.043 (Step)(s))
[1,0]<stdout>:2023-02-15 05:52:52,079 - INFO - train Step 57 metrics: Average/Non_Bkg_Accuracy: 0.165, Average/mIoU: 0.00219, loss: 3.7 (0.16 Img/s / 0.013 IOs / 0.037 (Step)(s))
[1,1]<stdout>:2023-02-15 05:52:55,219 - INFO - train Step 56 metrics: Average/Non_Bkg_Accuracy: 0.269, Average/mIoU: 0.00334, loss: 3.82 (0.15 Img/s / 0.013 IOs / 0.039 (Step)(s))
[1,0]<stdout>:2023-02-15 05:53:04,768 - INFO - train Step 58 metrics: Average/Non_Bkg_Accuracy: 0.169, Average/mIoU: 0.00122, loss: 3.72 (0.16 Img/s / 0.013 IOs / 0.037 (Step)(s))
[1,1]<stdout>:2023-02-15 05:53:08,150 - INFO - train Step 57 metrics: Average/Non_Bkg_Accuracy: 0.159, Average/mIoU: 0.00298, loss: 3.8 (0.15 Img/s / 0.027 IOs / 0.038 (Step)(s))
[1,0]<stdout>:2023-02-15 05:53:17,614 - INFO - train Step 59 metrics: Average/Non_Bkg_Accuracy: 0.245, Average/mIoU: 0.00279, loss: 3.75 (0.16 Img/s / 0.015 IOs / 0.043 (Step)(s))
[1,1]<stdout>:2023-02-15 05:53:21,230 - INFO - train Step 58 metrics: Average/Non_Bkg_Accuracy: 0.171, Average/mIoU: 0.00276, loss: 3.79 (0.15 Img/s / 0.013 IOs / 0.038 (Step)(s))
[1,0]<stdout>:2023-02-15 05:53:22,347 - INFO - test Step 60 metrics: Average/Non_Bkg_Accuracy: 0.126, Average/mIoU: 0.00138, loss: 4.06 (0.42 Img/s)
[1,1]<stdout>:2023-02-15 05:53:34,043 - INFO - train Step 59 metrics: Average/Non_Bkg_Accuracy: 0.155, Average/mIoU: 0.00202, loss: 3.87 (0.16 Img/s / 0.014 IOs / 0.04 (Step)(s))
[1,0]<stdout>:2023-02-15 05:53:35,247 - INFO - train Step 60 metrics: Average/Non_Bkg_Accuracy: 0.179, Average/mIoU: 0.0011, loss: 3.73 (0.16 Img/s / 0.013 IOs / 0.039 (Step)(s))
[1,1]<stdout>:2023-02-15 05:53:38,702 - INFO - test Step 60 metrics: Average/Non_Bkg_Accuracy: 0.268, Average/mIoU: 0.00536, loss: 3.55 (0.43 Img/s)
[1,0]<stdout>:2023-02-15 05:53:47,964 - INFO - train Step 61 metrics: Average/Non_Bkg_Accuracy: 0.15, Average/mIoU: 0.00212, loss: 3.85 (0.16 Img/s / 0.014 IOs / 0.043 (Step)(s))
[1,1]<stdout>:2023-02-15 05:53:51,753 - INFO - train Step 60 metrics: Average/Non_Bkg_Accuracy: 0.131, Average/mIoU: 0.000851, loss: 3.81 (0.15 Img/s / 0.016 IOs / 0.045 (Step)(s))
[1,0]<stdout>:2023-02-15 05:54:00,667 - INFO - train Step 62 metrics: Average/Non_Bkg_Accuracy: 0.203, Average/mIoU: 0.00187, loss: 3.7 (0.16 Img/s / 0.015 IOs / 0.04 (Step)(s))
[1,1]<stdout>:2023-02-15 05:54:04,600 - INFO - train Step 61 metrics: Average/Non_Bkg_Accuracy: 0.157, Average/mIoU: 0.00188, loss: 3.81 (0.16 Img/s / 0.015 IOs / 0.038 (Step)(s))
[1,0]<stdout>:2023-02-15 05:54:13,479 - INFO - train Step 63 metrics: Average/Non_Bkg_Accuracy: 0.165, Average/mIoU: 0.00127, loss: 3.76 (0.16 Img/s / 0.013 IOs / 0.037 (Step)(s))
[1,1]<stdout>:2023-02-15 05:54:17,589 - INFO - train Step 62 metrics: Average/Non_Bkg_Accuracy: 0.152, Average/mIoU: 0.000801, loss: 3.69 (0.15 Img/s / 0.013 IOs / 0.038 (Step)(s))
[1,0]<stdout>:2023-02-15 05:54:26,164 - INFO - train Step 64 metrics: Average/Non_Bkg_Accuracy: 0.194, Average/mIoU: 0.00237, loss: 3.76 (0.16 Img/s / 0.014 IOs / 0.041 (Step)(s))
[1,1]<stdout>:2023-02-15 05:54:30,596 - INFO - train Step 63 metrics: Average/Non_Bkg_Accuracy: 0.175, Average/mIoU: 0.00159, loss: 3.78 (0.15 Img/s / 0.013 IOs / 0.042 (Step)(s))
[1,0]<stdout>:2023-02-15 05:54:38,921 - INFO - train Step 65 metrics: Average/Non_Bkg_Accuracy: 0.186, Average/mIoU: 0.00273, loss: 3.8 (0.16 Img/s / 0.016 IOs / 0.044 (Step)(s))
[1,1]<stdout>:2023-02-15 05:54:43,637 - INFO - train Step 64 metrics: Average/Non_Bkg_Accuracy: 0.143, Average/mIoU: 0.00102, loss: 3.78 (0.15 Img/s / 0.014 IOs / 0.04 (Step)(s))
[1,0]<stdout>:2023-02-15 05:54:51,540 - INFO - train Step 66 metrics: Average/Non_Bkg_Accuracy: 0.221, Average/mIoU: 0.00255, loss: 3.66 (0.16 Img/s / 0.014 IOs / 0.038 (Step)(s))
[1,1]<stdout>:2023-02-15 05:54:56,451 - INFO - train Step 65 metrics: Average/Non_Bkg_Accuracy: 0.136, Average/mIoU: 0.00199, loss: 3.96 (0.16 Img/s / 0.016 IOs / 0.042 (Step)(s))
[1,0]<stdout>:2023-02-15 05:55:04,378 - INFO - train Step 67 metrics: Average/Non_Bkg_Accuracy: 0.169, Average/mIoU: 0.00248, loss: 3.82 (0.16 Img/s / 0.014 IOs / 0.04 (Step)(s))
[1,1]<stdout>:2023-02-15 05:55:09,307 - INFO - train Step 66 metrics: Average/Non_Bkg_Accuracy: 0.213, Average/mIoU: 0.00239, loss: 3.77 (0.16 Img/s / 0.013 IOs / 0.04 (Step)(s))
[1,0]<stdout>:2023-02-15 05:55:17,219 - INFO - train Step 68 metrics: Average/Non_Bkg_Accuracy: 0.222, Average/mIoU: 0.00461, loss: 3.82 (0.16 Img/s / 0.013 IOs / 0.037 (Step)(s))
[1,1]<stdout>:2023-02-15 05:55:22,174 - INFO - train Step 67 metrics: Average/Non_Bkg_Accuracy: 0.325, Average/mIoU: 0.0031, loss: 3.61 (0.16 Img/s / 0.013 IOs / 0.038 (Step)(s))
[1,0]<stdout>:2023-02-15 05:55:29,994 - INFO - train Step 69 metrics: Average/Non_Bkg_Accuracy: 0.128, Average/mIoU: 0.00128, loss: 3.88 (0.16 Img/s / 0.014 IOs / 0.039 (Step)(s))
[1,0]<stdout>:2023-02-15 05:55:34,628 - INFO - test Step 70 metrics: Average/Non_Bkg_Accuracy: 0.274, Average/mIoU: 0.00402, loss: 3.8 (0.43 Img/s)
[1,1]<stdout>:2023-02-15 05:55:35,237 - INFO - train Step 68 metrics: Average/Non_Bkg_Accuracy: 0.179, Average/mIoU: 0.0024, loss: 3.8 (0.15 Img/s / 0.013 IOs / 0.038 (Step)(s))
[1,0]<stdout>:2023-02-15 05:55:47,673 - INFO - train Step 70 metrics: Average/Non_Bkg_Accuracy: 0.189, Average/mIoU: 0.00236, loss: 3.8 (0.15 Img/s / 0.018 IOs / 0.042 (Step)(s))
[1,1]<stdout>:2023-02-15 05:55:48,066 - INFO - train Step 69 metrics: Average/Non_Bkg_Accuracy: 0.279, Average/mIoU: 0.00535, loss: 3.73 (0.16 Img/s / 0.014 IOs / 0.04 (Step)(s))
[1,1]<stdout>:2023-02-15 05:55:52,789 - INFO - test Step 70 metrics: Average/Non_Bkg_Accuracy: 0.152, Average/mIoU: 0.00163, loss: 3.72 (0.42 Img/s)
[1,0]<stdout>:2023-02-15 05:56:00,348 - INFO - train Step 71 metrics: Average/Non_Bkg_Accuracy: 0.119, Average/mIoU: 0.000914, loss: 3.77 (0.16 Img/s / 0.014 IOs / 0.039 (Step)(s))
[1,1]<stdout>:2023-02-15 05:56:05,786 - INFO - train Step 70 metrics: Average/Non_Bkg_Accuracy: 0.173, Average/mIoU: 0.00186, loss: 3.81 (0.15 Img/s / 0.017 IOs / 0.044 (Step)(s))
[1,0]<stdout>:2023-02-15 05:56:13,007 - INFO - train Step 72 metrics: Average/Non_Bkg_Accuracy: 0.205, Average/mIoU: 0.00319, loss: 3.63 (0.16 Img/s / 0.013 IOs / 0.037 (Step)(s))
[1,1]<stdout>:2023-02-15 05:56:18,755 - INFO - train Step 71 metrics: Average/Non_Bkg_Accuracy: 0.132, Average/mIoU: 0.000978, loss: 3.77 (0.15 Img/s / 0.013 IOs / 0.038 (Step)(s))
[1,0]<stdout>:2023-02-15 05:56:25,715 - INFO - train Step 73 metrics: Average/Non_Bkg_Accuracy: 0.174, Average/mIoU: 0.00325, loss: 3.86 (0.16 Img/s / 0.014 IOs / 0.038 (Step)(s))
[1,1]<stdout>:2023-02-15 05:56:31,869 - INFO - train Step 72 metrics: Average/Non_Bkg_Accuracy: 0.133, Average/mIoU: 0.000849, loss: 3.8 (0.15 Img/s / 0.013 IOs / 0.038 (Step)(s))
[1,0]<stdout>:2023-02-15 05:56:38,463 - INFO - train Step 74 metrics: Average/Non_Bkg_Accuracy: 0.182, Average/mIoU: 0.00156, loss: 3.73 (0.16 Img/s / 0.03 IOs / 0.043 (Step)(s))
[1,1]<stdout>:2023-02-15 05:56:44,853 - INFO - train Step 73 metrics: Average/Non_Bkg_Accuracy: 0.174, Average/mIoU: 0.00258, loss: 3.83 (0.15 Img/s / 0.014 IOs / 0.038 (Step)(s))
[1,0]<stdout>:2023-02-15 05:56:51,151 - INFO - train Step 75 metrics: Average/Non_Bkg_Accuracy: 0.223, Average/mIoU: 0.00189, loss: 3.67 (0.16 Img/s / 0.013 IOs / 0.039 (Step)(s))
[1,1]<stdout>:2023-02-15 05:56:57,696 - INFO - train Step 74 metrics: Average/Non_Bkg_Accuracy: 0.206, Average/mIoU: 0.00119, loss: 3.69 (0.16 Img/s / 0.015 IOs / 0.044 (Step)(s))
[1,0]<stdout>:2023-02-15 05:57:03,984 - INFO - train Step 76 metrics: Average/Non_Bkg_Accuracy: 0.17, Average/mIoU: 0.00136, loss: 3.75 (0.16 Img/s / 0.013 IOs / 0.041 (Step)(s))
[1,1]<stdout>:2023-02-15 05:57:10,795 - INFO - train Step 75 metrics: Average/Non_Bkg_Accuracy: 0.262, Average/mIoU: 0.00428, loss: 3.78 (0.15 Img/s / 0.014 IOs / 0.041 (Step)(s))
[1,0]<stdout>:2023-02-15 05:57:16,644 - INFO - train Step 77 metrics: Average/Non_Bkg_Accuracy: 0.13, Average/mIoU: 0.00124, loss: 3.79 (0.16 Img/s / 0.015 IOs / 0.043 (Step)(s))
[1,1]<stdout>:2023-02-15 05:57:23,841 - INFO - train Step 76 metrics: Average/Non_Bkg_Accuracy: 0.231, Average/mIoU: 0.00612, loss: 3.67 (0.15 Img/s / 0.015 IOs / 0.038 (Step)(s))
[1,0]<stdout>:2023-02-15 05:57:29,515 - INFO - train Step 78 metrics: Average/Non_Bkg_Accuracy: 0.23, Average/mIoU: 0.00225, loss: 3.68 (0.16 Img/s / 0.014 IOs / 0.041 (Step)(s))
[1,1]<stdout>:2023-02-15 05:57:36,883 - INFO - train Step 77 metrics: Average/Non_Bkg_Accuracy: 0.134, Average/mIoU: 0.00125, loss: 3.82 (0.15 Img/s / 0.013 IOs / 0.041 (Step)(s))
[1,0]<stdout>:2023-02-15 05:57:42,126 - INFO - train Step 79 metrics: Average/Non_Bkg_Accuracy: 0.224, Average/mIoU: 0.00281, loss: 3.79 (0.16 Img/s / 0.014 IOs / 0.037 (Step)(s))
[1,0]<stdout>:2023-02-15 05:57:46,892 - INFO - test Step 80 metrics: Average/Non_Bkg_Accuracy: 0.244, Average/mIoU: 0.00277, loss: 3.55 (0.42 Img/s)
[1,1]<stdout>:2023-02-15 05:57:49,818 - INFO - train Step 78 metrics: Average/Non_Bkg_Accuracy: 0.196, Average/mIoU: 0.00299, loss: 3.77 (0.15 Img/s / 0.016 IOs / 0.044 (Step)(s))
[1,0]<stdout>:2023-02-15 05:57:59,663 - INFO - train Step 80 metrics: Average/Non_Bkg_Accuracy: 0.202, Average/mIoU: 0.00167, loss: 3.7 (0.16 Img/s / 0.013 IOs / 0.041 (Step)(s))
[1,1]<stdout>:2023-02-15 05:58:02,721 - INFO - train Step 79 metrics: Average/Non_Bkg_Accuracy: 0.18, Average/mIoU: 0.00159, loss: 3.71 (0.15 Img/s / 0.014 IOs / 0.038 (Step)(s))
[1,1]<stdout>:2023-02-15 05:58:07,552 - INFO - test Step 80 metrics: Average/Non_Bkg_Accuracy: 0.209, Average/mIoU: 0.00297, loss: 3.57 (0.41 Img/s)
[1,0]<stdout>:2023-02-15 05:58:12,250 - INFO - train Step 81 metrics: Average/Non_Bkg_Accuracy: 0.142, Average/mIoU: 0.00103, loss: 3.74 (0.16 Img/s / 0.015 IOs / 0.039 (Step)(s))
[1,1]<stdout>:2023-02-15 05:58:20,525 - INFO - train Step 80 metrics: Average/Non_Bkg_Accuracy: 0.146, Average/mIoU: 0.000571, loss: 3.71 (0.15 Img/s / 0.013 IOs / 0.038 (Step)(s))
[1,0]<stdout>:2023-02-15 05:58:24,967 - INFO - train Step 82 metrics: Average/Non_Bkg_Accuracy: 0.233, Average/mIoU: 0.00401, loss: 3.75 (0.16 Img/s / 0.014 IOs / 0.041 (Step)(s))
[1,1]<stdout>:2023-02-15 05:58:33,361 - INFO - train Step 81 metrics: Average/Non_Bkg_Accuracy: 0.145, Average/mIoU: 0.00108, loss: 3.75 (0.16 Img/s / 0.013 IOs / 0.04 (Step)(s))
[1,0]<stdout>:2023-02-15 05:58:37,681 - INFO - train Step 83 metrics: Average/Non_Bkg_Accuracy: 0.16, Average/mIoU: 0.0011, loss: 3.76 (0.16 Img/s / 0.013 IOs / 0.039 (Step)(s))
[1,1]<stdout>:2023-02-15 05:58:46,258 - INFO - train Step 82 metrics: Average/Non_Bkg_Accuracy: 0.211, Average/mIoU: 0.00324, loss: 3.65 (0.16 Img/s / 0.016 IOs / 0.044 (Step)(s))
[1,0]<stdout>:2023-02-15 05:58:50,528 - INFO - train Step 84 metrics: Average/Non_Bkg_Accuracy: 0.185, Average/mIoU: 0.00155, loss: 3.75 (0.16 Img/s / 0.013 IOs / 0.037 (Step)(s))
[1,1]<stdout>:2023-02-15 05:58:59,359 - INFO - train Step 83 metrics: Average/Non_Bkg_Accuracy: 0.184, Average/mIoU: 0.00305, loss: 3.81 (0.15 Img/s / 0.014 IOs / 0.04 (Step)(s))
[1,0]<stdout>:2023-02-15 05:59:03,341 - INFO - train Step 85 metrics: Average/Non_Bkg_Accuracy: 0.22, Average/mIoU: 0.00272, loss: 3.75 (0.16 Img/s / 0.014 IOs / 0.041 (Step)(s))
[1,1]<stdout>:2023-02-15 05:59:12,381 - INFO - train Step 84 metrics: Average/Non_Bkg_Accuracy: 0.149, Average/mIoU: 0.002, loss: 3.83 (0.15 Img/s / 0.014 IOs / 0.038 (Step)(s))
[1,0]<stdout>:2023-02-15 05:59:16,045 - INFO - train Step 86 metrics: Average/Non_Bkg_Accuracy: 0.166, Average/mIoU: 0.00211, loss: 3.81 (0.16 Img/s / 0.016 IOs / 0.045 (Step)(s))
